Output saved to azula.4.seq.log.
━━━━━━━━━━━━━━━━━━━━━━━━━━━━━━━━━━━━━━━━━━━━━━━━━━━━━━━━━━━━
             |                      '||          
            |||    ......  ... ...   ||   ....   
           |  ||   '  .|'   ||  ||   ||  '' .||  
          .''''|.   .|'     ||  ||   ||  .|' ||  
         .|.  .||. ||....|  '|..'|. .||. '|..'|'.v1.0
━━━━━━━━━━━━━━━━━━━━━━━━━━━━━━━━━━━━━━━━━━━━━━━━━━━━━━━━━━━━
                METAL CONDUCTION SIMULATION
━━━━━━━━━━━━━━━━━━━━━━━━━━━━━━━━━━━━━━━━━━━━━━━━━━━━━━━━━━━━
> Metals to be integrated:
  - Iron [0.23 cm²/s]
  - Lead [0.22 cm²/s]
  - Copper [1.11 cm²/s]
  - Brass [0.34 cm²/s]
━━━━━━━━━━━━━━━━━━━━━━━━━━━━━━━━━━━━━━━━━━━━━━━━━━━━━━━━━━━━
                SEQUENTIAL INTEGRATION STARTED
━━━━━━━━━━━━━━━━━━━━━━━━━━━━━━━━━━━━━━━━━━━━━━━━━━━━━━━━━━━━
> Reached thermal equilibrium:
  - Iron: True, 51.50 s
  - Lead: True, 49.00 s
  - Copper: True, 65.10 s
  - Brass: True, 72.20 s

> Total integration time: 1.63 s.
━━━━━━━━━━━━━━━━━━━━━━━━━━━━━━━━━━━━━━━━━━━━━━━━━━━━━━━━━━━━
                SEQUENTIAL INTEGRATION ENDED
━━━━━━━━━━━━━━━━━━━━━━━━━━━━━━━━━━━━━━━━━━━━━━━━━━━━━━━━━━━━
