━━━━━━━━━━━━━━━━━━━━━━━━━━━━━━━━━━━━━━━━━━━━━━━━━━━━━━━━━━━━
             |                      '||          
            |||    ......  ... ...   ||   ....   
           |  ||   '  .|'   ||  ||   ||  '' .||  
          .''''|.   .|'     ||  ||   ||  .|' ||  
         .|.  .||. ||....|  '|..'|. .||. '|..'|'.v1.0
━━━━━━━━━━━━━━━━━━━━━━━━━━━━━━━━━━━━━━━━━━━━━━━━━━━━━━━━━━━━
                METAL CONDUCTION SIMULATION
━━━━━━━━━━━━━━━━━━━━━━━━━━━━━━━━━━━━━━━━━━━━━━━━━━━━━━━━━━━━
> Parameters:
  - dt          0.05 s
  - dx          0.05 cm
  - x_min      -10.00 cm
  - x_max       10.00 cm
  - t_max       100.00 s
  - ic_type     Smooth
  - bc_type     Fixed

> Metals to be integrated:
  - Copper [1.11 cm²/s]
  - Iron [0.23 cm²/s]
━━━━━━━━━━━━━━━━━━━━━━━━━━━━━━━━━━━━━━━━━━━━━━━━━━━━━━━━━━━━
                SEQUENTIAL INTEGRATION STARTED
━━━━━━━━━━━━━━━━━━━━━━━━━━━━━━━━━━━━━━━━━━━━━━━━━━━━━━━━━━━━
> Reached thermal equilibrium:
