━━━━━━━━━━━━━━━━━━━━━━━━━━━━━━━━━━━━━━━━━━━━━━━━━━━━━━━━━━━━
             |                      '||          
            |||    ......  ... ...   ||   ....   
           |  ||   '  .|'   ||  ||   ||  '' .||  
          .''''|.   .|'     ||  ||   ||  .|' ||  
         .|.  .||. ||....|  '|..'|. .||. '|..'|'.v1.0
━━━━━━━━━━━━━━━━━━━━━━━━━━━━━━━━━━━━━━━━━━━━━━━━━━━━━━━━━━━━
                METAL CONDUCTION SIMULATION
━━━━━━━━━━━━━━━━━━━━━━━━━━━━━━━━━━━━━━━━━━━━━━━━━━━━━━━━━━━━
> Parameters:
  - dt          0.10 s
  - dx          0.05 cm
  - x_min      -10.00 cm
  - x_max       10.00 cm
  - t_max       100.00 s
  - ic_type     Smooth
  - bc_type     Fixed

> Metals to be integrated:
  - Copper [1.11 cm²/s]
  - Iron [0.23 cm²/s]
  - Aluminum [0.97 cm²/s]
━━━━━━━━━━━━━━━━━━━━━━━━━━━━━━━━━━━━━━━━━━━━━━━━━━━━━━━━━━━━
                PARALLEL INTEGRATION STARTED
━━━━━━━━━━━━━━━━━━━━━━━━━━━━━━━━━━━━━━━━━━━━━━━━━━━━━━━━━━━━
> Number of jobs: 3.

> Reached thermal equilibrium:
  - Copper: True, 65.20 s
  - Iron: True, 51.80 s
  - Aluminum: True, 69.00 s

> Total integration time: 3.38 s.
━━━━━━━━━━━━━━━━━━━━━━━━━━━━━━━━━━━━━━━━━━━━━━━━━━━━━━━━━━━━
                PARALLEL INTEGRATION ENDED
━━━━━━━━━━━━━━━━━━━━━━━━━━━━━━━━━━━━━━━━━━━━━━━━━━━━━━━━━━━━
